// Jest Snapshot v1, https://goo.gl/fbAQLP

exports[`Pruebas sobre <HookApp/> Debe de renderizarse correctamente 1`] = `
<div>
  <h1>
    Hello World
  </h1>
</div>
`;
